/opt/nvm/versions/node/v22.16.0/lib/node_modules/corepack/dist/lib/corepack.cjs:22051
    throw new Error(
          ^

Error: Error when performing the request to https://registry.npmjs.org/pnpm/-/pnpm-11.23.0.tgz; for troubleshooting help, see https://github.com/nodejs/corepack#troubleshooting
    at fetch (/opt/nvm/versions/node/v22.16.0/lib/node_modules/corepack/dist/lib/corepack.cjs:22051:11)
    at process.processTicksAndRejections (node:internal/process/task_queues:105:5)
    at async fetchUrlStream (/opt/nvm/versions/node/v22.16.0/lib/node_modules/corepack/dist/lib/corepack.cjs:22081:20)
    ... 4 lines matching cause stack trace ...
    at async Object.runMain (/opt/nvm/versions/node/v22.16.0/lib/node_modules/corepack/dist/lib/corepack.cjs:23648:7) {
  [cause]: TypeError: fetch failed
      at node:internal/deps/undici/undici:13510:13
      at process.processTicksAndRejections (node:internal/process/task_queues:105:5)
      at async fetch (/opt/nvm/versions/node/v22.16.0/lib/node_modules/corepack/dist/lib/corepack.cjs:22045:16)
      at async fetchUrlStream (/opt/nvm/versions/node/v22.16.0/lib/node_modules/corepack/dist/lib/corepack.cjs:22081:20)
      at async download (/opt/nvm/versions/node/v22.16.0/lib/node_modules/corepack/dist/lib/corepack.cjs:22204:18)
      at async installVersion (/opt/nvm/versions/node/v22.16.0/lib/node_modules/corepack/dist/lib/corepack.cjs:22296:55)
      at async Engine.ensurePackageManager (/opt/nvm/versions/node/v22.16.0/lib/node_modules/corepack/dist/lib/corepack.cjs:22847:32)
      at async Engine.executePackageManagerRequest (/opt/nvm/versions/node/v22.16.0/lib/node_modules/corepack/dist/lib/corepack.cjs:22958:25)
      at async Object.runMain (/opt/nvm/versions/node/v22.16.0/lib/node_modules/corepack/dist/lib/corepack.cjs:23648:7) {
    [cause]: Error: getaddrinfo EAI_AGAIN registry.npmjs.org
        at GetAddrInfoReqWrap.onlookupall [as oncomplete] (node:dns:122:26) {
      errno: -3001,
      code: 'EAI_AGAIN',
      syscall: 'getaddrinfo',
      hostname: 'registry.npmjs.org'
    }
  }
}

Node.js v22.16.0
